// Jest Snapshot v1, https://goo.gl/fbAQLP

exports[`render 1`] = `
<button
  className="primary"
  onClick={[MockFunction]}
  type="button"
/>
`;
