// Jest Snapshot v1, https://goo.gl/fbAQLP

exports[`render 1`] = `
<DocumentFragment>
  <button
    class="container primary"
    type="button"
  />
</DocumentFragment>
`;
