// Jest Snapshot v1, https://goo.gl/fbAQLP

exports[`FriendsList renders error message in case of error 1`] = `
<FriendsList>
  <span>
    We couldn't process your request at this time. Status: 500
  </span>
</FriendsList>
`;

exports[`FriendsList renders list of friends 1`] = `
<FriendsList>
  <ul
    className="container"
  >
    <div
      className="friend"
      data-name="friend"
      key="alyson"
    >
      <img
        alt="Alyson Donnelly"
        src="data:image/jpeg;base64,/9j/4AAQSkZJRgABAQEAYABgAAD//gA7Q1JFQVRPUjogZ2QtanBlZyB2MS4wICh1c2luZyBJSkcgSlBFRyB2ODApLCBxdWFsaXR5ID0gODAK/9sAQwAGBAUGBQQGBgUGBwcGCAoQCgoJCQoUDg8MEBcUGBgXFBYWGh0lHxobIxwWFiAsICMmJykqKRkfLTAtKDAlKCko/9sAQwEHBwcKCAoTCgoTKBoWGigoKCgoKCgoKCgoKCgoKCgoKCgoKCgoKCgoKCgoKCgoKCgoKCgoKCgoKCgoKCgoKCgo/8AAEQgAlgCWAwEiAAIRAQMRAf/EAB8AAAEFAQEBAQEBAAAAAAAAAAABAgMEBQYHCAkKC//EALUQAAIBAwMCBAMFBQQEAAABfQECAwAEEQUSITFBBhNRYQcicRQygZGhCCNCscEVUtHwJDNicoIJChYXGBkaJSYnKCkqNDU2Nzg5OkNERUZHSElKU1RVVldYWVpjZGVmZ2hpanN0dXZ3eHl6g4SFhoeIiYqSk5SVlpeYmZqio6Slpqeoqaqys7S1tre4ubrCw8TFxsfIycrS09TV1tfY2drh4uPk5ebn6Onq8fLz9PX29/j5+v/EAB8BAAMBAQEBAQEBAQEAAAAAAAABAgMEBQYHCAkKC//EALURAAIBAgQEAwQHBQQEAAECdwABAgMRBAUhMQYSQVEHYXETIjKBCBRCkaGxwQkjM1LwFWJy0QoWJDThJfEXGBkaJicoKSo1Njc4OTpDREVGR0hJSlNUVVZXWFlaY2RlZmdoaWpzdHV2d3h5eoKDhIWGh4iJipKTlJWWl5iZmqKjpKWmp6ipqrKztLW2t7i5usLDxMXGx8jJytLT1NXW19jZ2uLj5OXm5+jp6vLz9PX29/j5+v/aAAwDAQACEQMRAD8A8cTg1MpPNMAwcmnI2SeKg88mjDN16VoWaDIzVOEZFaNqvTNBaLJhDc1n3sIwa1GkVRWZdShicVnfUxlLUr2sGWrXSJI0BcgD1JxWV9qjto9zkZ7VPYTefPulcRknABO5v8BVNORrGi6m+xpQ6e96+2Abvwzmte38Dyuu+UmA4z8zDH4Ac10nhqCzhRZNkhwASZCefzq3qOqyTP5cMCHJwFUZ/kf6VSSR2QoRWhyw8LQwfJLeIsh+6V5Bp174XljtBIJ4z6A8cV1kkaaT5apGssyDfPu5Ifso+lYura3Ffxs0L4lXho+4x7UpJA8NCZ55fxyWzsrqVIqiLojNbuoTpOGQhVPcdvqK5mZCjNx0OKSRx1aHs9thJ7gseDUcLsZAaibOas20eWFXFCp6GraTHFRXMnzU6KPGee1VLliGweaiS1FLcVeWopbcFs54oppGy2HPbkH2qLADHiujuLPC4xWRNb7XNKMrnPGSZDCePStC2PAqkqYHNXbdhgAUzWOwXb7ayLibBPPFaN+STXO6pIUi2nqx5+lJEcl5WIZLlpZ9wJ3dF/2R/ia2vD7Kl2oQ7pQeTnp7Z7H6CuUiZ5JfLRgvd2PGBW1pGopbTKturFV7oPmb6VpsdsEetaVKIlOYy8jDoXx/Qn9K2dDt5rnX7XfbqgRgzHeWyB+Rri9A1+6upRbWGiIN3BlmJP416x4b0WS2ge6uCPOKcKucCsHVSZ3RpNxuchq80klzeXCyYdpG+h56V55rdx5jtcW5Mdyh7cZ+v+eK9S1a2ie3umUrvGd6+nvXiutzGG8YepINVGXNsRVi4KzFmvRcQLOhIYH5x0IPr/n3qOKXzndccgZ/Cse3uDFdsnZ+x6GrEEvkXMZb7pJjP07H8quxx1PeiX9gzmrlnjfjiqknyk0ttKRJxTickDZwMGsy4x5nPrVoykjpVC7ZsjipY5LUuxYIoqC3JI5opmiPQLyAbTgVzN/CVmrrLiQEZrnr9g8vFcsHY86nOxkSLtBzSQHABFS3HQ5quhwMVsmdVOaaJ5lDcnpXG69cBrqQL91cLxXX3MqwWcsrfwoTXnkzmQbmOSzE1cNWa01d3GO5CBF6sct7+gr0bwZ4ctTbpPOd8p5OegrhdEtPtupxqSMA5wT1r2XS7aK0t40Y49RWWInbRHq4Snd3Z0/h+O1siG2KD3xiupOuxRW5BYYAriYzHt4Yj0NSxi0f5WkJb61x3PTsjnfG+qzQXf22xYjH3l7MPQ155rU63ytMmAfvY6Yr1PWNFW9jYRqSuPWvK762NjqUlu4OAcYPpW9CS2OTGQdrmLc4R4JeSc4PpWheqMqy/dYBh7Y/+sf0qK9twLOYDO6M5qUMLjTwQRlDz9P85rruebY0FjM1skg64wfrUIVlcVa8NuJreaJuSvNTXMQVulJPWxxvSdiS3BYUyaEs2D1qzZcAZqz5YZ8mpk9SZ7lW3t9q89aKvKAKKpGyWhpNdswqhO2581oG2IXpVeWIDtzXMmeImzPmyRVYLirlyuVIB5qiMg4NWi6UmmVvEeU0WbB6gDH41w7jBUei13upoJ9OmRjyVJ+mK4SX7zH1rWk9D1aDugsmQTAMcE9DzXRRa3qWnskctw0luez56e2axLbTbi5USWiuZE5+Wt3StB1nWJ1F0Ll416tIeB+dOai9zvp86+FHcafqNxcaQblFYxheork7/wAW38cpjtSkfONxGTmvYvC+gwweAri3O3zBu6V5P4q8KXFkRc2quCpJ3KN2fwrlpxjzanfWdRQTXzK0es60hSa6vpkRhkAMVz/SqN9evdajHK8rSZO3Ljn8+9UpbnVtR2WzMnoCsSqf0Ga2tQ0BNJ0mOWSQvcfeI6YrZpRZyxcpp22F1OJFCuB8kqYNc/pk2yVoX6NlDXSsy3mmIw+baP0Pf8/51yV8rQ3TEdc5qoaqxjNWdza8OymHVHQnG4HIreuVDOcVyVrPs1m2lB4cgn8etdw8ZkOTyTzmiTs7nnYiXLJMZYLkc1baLng06zgCg05sh8elZSldnP7W7K3lEMRmipmJzzRVKTOpTdjpvLXZVC6gVga0AMscU2S2J5rnTscNGi5nLXURVjiqDxuTmurmsdx6VB/Z+eMVoqh0/VGjlrqI/ZJiemw/yrgZvv4HrivXNUsGTTblgvSNv5V5PdLsmb0QZ/GtqUrnRh6binc9B+HM9tb28jz7ck45rt7LWG1y9bStIEcThS8kjfdVR/WvF9MuXSHCE4IzxW7pAu4YLu6sLlorkL/AeT7Gspw1bbPbpVrRUUj6U0XSDYaBKk0yuxGcev4VyE+pW2nXyWWsWuxLhd0LMchhnH4V5ND8QteVUiS5k8xeMHmptXu9V12IXmqMTLEMRbRjb06fkKnla30NFWjLbU9aNloqqZra3jDHnNeYfEIrhyrgg5wAazIfElzDbiNnJIGOTWHrGoTX2WcnHvSjGTldiqVaag1EZ4Y1AB2tZiNvO3J7elR+I4TFMG6jOPeudZ2S4DocMDkEV1FxOmqaE0pGJ7fG/Hp611SjyyUl1PMvzKxkQN/pNrjsR/OvW0gHkBj3FeR2q/6dAvcYNeqXFw0SIOcAYqKu6seNmc+RJjyNmSOQKzrm52vletT/AGrcDxWXdtuJNZpdzhw8+eQr37A8UVmu2G4orZI92MVY9TWI5yBVyJOORSIhzVqOOuNseFpMi8kHtQLNeuKvxpUyqO9Kx6fIrGDqdl5ljNGo5ZCB+VeAasjQtKrgh921s+1fTUyLt6V4d8S9KMGoyXMY+SRiSPQ1rRdpWZnKnZaHL6LOFYxnqOR7iuvtNNs0tTcS+Yhcj50Yg156sjRSK6cMp4r1zwY+m6roqw34GRkfSta14+8isNaT5Wc//ZVk1zvt9TlReoLxhiPxyK020+eaLbHqUrrj+4oraj8J2E8p+y3G1fUP/Q1HqFrbaPCyrciZgOnrWMqt9jtVO26sclc28aHbOB5o447+9YuryrHGUjrQ1G83yNI33j6Vzt0xlfJrWnG7uzhqyWyKDLmYD2rW0Nit4U6pIpRx6gg1Bp9sbi9cKCdqdK2dDsP3rSMOMgD6EgZrarJKNjnpxbkZ0YxqpHTaQBXf3sgKqeua4i/T7NrkyejZ/Pmu2LefpkDoAcDBzgH86ym9Ys87M6DnSbXRleNx36VBOQTQxAGCCD9KrSvgkGqSPHwcbTEYAmiow4zzRVHvq9j22KIHrVgLinqg9KeFxXEketCmoLQaoAp3Hal25FaGlaFeao/7lNkQ6yPwP/r00r7FNmY2DxXknxQ1SK4cwQR8Jwzn+I+1fSbaDZaVZSMD51ztI8x+gPsK+R/FqXDavLbStlo2Klj3xWkY2krkSfutnKiPPOO9aumXUtnnYTsbqAcfjT5rNIUREbeOu71pyxAR4xW8pJo50nFmvDrMg+ZJHU+9Q3V+8wO5yx9TWUpwcGpQ1ZciNvayasyG4Jbk1UK81edM9ahKZzgcVrFmckbfgG1S4vr7zFziLA/GtrV7b7Hq8luihUjJhGOBuX/69YvgO7Wx8QKsxxHODET9a7zx5pp8+WaIjfMBMuBnLfxD88/hXLWlapZnTRinTujgfFVvuvIblQAJECk5/L9P5Vt+D3W5tjbyffXpmsm4kF7prqxwyEMuecEVWtLqWwvUngPynllJ6HuKrWUOXqjCrTUm09mehvpHylQoIHcisO/0d1YkDiu28L38GrWSPkbgNpB9a0brTUYcAE1MZtHz8qXsqljyY6ZKG6UV6JcaQQ3C/pRWvtDp9sdhFE0jhI1LOTgADJNdTpng24nVXvZlgQ/wj5m/wrV0LTINOhDcPOR8zn+laE94VQ7TyKmKW7Peab0Qlh4e0qwmiYxCZgw5lOc/h0rRv7fybmRIQFTqFUYArlrjU5AxbJBHStPxHrjWU9tLjck0IetoyjysmVNxkl1ZV1K2uHVg6kg9K8D+JHg13vnu7dTk/fwK9ri8dWcsnlTgqenNUtSW11JWaGVSG7Gs7xeqZbhLaSPmVdGeMFWBNVrmzZD0xXvF/wCGoCCVUZPpXH6poKpMVYAKaLkex7HlE1uwbOKSNOehrubzQF+by+RntWaNCffjGPSjnD2DTOaZCTjFSx2xMZyK6hPDzLy4ya0rfw+CnU5PfHSjnQ/YSPP5bdopEZcqw+YGvTNK1mPWdCiguSouoB8rN3x0/qPx9qw77RHFyV2HJOVA9PSq1xpd9pwaZIpAg5yBWVeKqLTdGtGMqbd1ozE1v/iX6qzIpEUh5U1EIXEKC4idIpCRDK4+Vsdg1WtaZL+1SVjtlHBz6j/638q7nRfBt3q3gXTJUn2CSZhtIyMYPOKuD9273MZRvOxzXhO+n0fVIUlVlgnYJyO/Y17PbsHQMR2rM0H4V6ilsiT3VtdwBg6xzJgof9lh0P4EVtahpl1pUoiuIygPTnIrFy11RwZhhHpUj8zLvpcOMCinsoY5IFFB5Vkdgmujy+W59Kim1kEcPjvXB/aiyjBJ9xQk8hfBJNQpM+09mjr5NQM77Qa6nU4RfaLo0p5xG0Z/DA/oa4bQ4d7qzLzXo1sm/wAPQr/zxuCPwIJ/rW9F3UkYYi0XFrucJquixOGIXB6+9cpP9us5dkTNt969RvYAQa569t4yfmFQ1YqM7nMWuqXo+WTPuTT5gbrKzHAPf0PatU2seeFB+gpjwqM8U02imk9jI/s9I+NmPXiq09mn8K4P0rZfp8x5HX396zbtyM4H5VT0COpmTOIyQ4Lds0kGrxQYDJyenHb/AD/WoZwZZMH5e7N6CqhtDNOGA2joB6D0qfMrd2RoXetCYMsEKk9gVrkPGmr3keniCQhWuCEVQMcV22n2CAjCjNed+K45NW8R3KwDdHbf6PHj+93P8/yoja92Z1m4wst2cvJMTNBChz5kgb+g/nX1TptmmmaHoGm42mO381xjozf5NfOfgnQW1Tx5aWmC0ccqIx9BkD/E17/4j1ZU8UXKKcRw7Yl/Af45rabUYNr+upx0YudRJ+b/AEPQ9KkVUXnipda06LVbFopDhxyjjqprhrHXggAD5/pXRafrqSnDMAcVh7SLVmdLpSTuedaiklhfTW1wu2SM4IHT6j2orY+I0LXUlvdWaBpx+7fnGV6g/h/WioU0tDw8RgGqj5djhLeUliMVqWyhgD7UUVmfTI63RFHy4rt9MbdpV8n90o/6/wD1qKK3w27+ZyYrp6ozLlgQSc8ViXcW4k5xxRRTZUTNdAGA79jUE52A/rRRUm0TLurkou4D/wCvUDkSqfeiincdinc2wVgg6YDN755A/wA9/pToIgBxRRRIcdi9ZD5v8K43wlaLNc3hc/N5kzk+4DEUUVnP4WRPdHW/CDSII/F00wAOwNMM9flXbj/x7NR6y5ku5Jm5eRy5PuTmiirk37OPzM6atVl6L9StE0gf7/atXTr6WK42g9BRRWDOpGy1w0sal+frRRRWYmkf/9k="
      />
      <span>
        Alyson Donnelly
      </span>
      <div
        className="actions"
      >
        <Button-
          data-name="add-to-favorite"
          onClick={[Function]}
          primary={true}
        >
          Add to favorite
        </Button->
      </div>
    </div>
    <div
      className="friend"
      data-name="friend"
      key="carlee"
    >
      <img
        alt="Carlee Kreiger"
        src="data:image/jpeg;base64,/9j/4AAQSkZJRgABAQEAYABgAAD//gA7Q1JFQVRPUjogZ2QtanBlZyB2MS4wICh1c2luZyBJSkcgSlBFRyB2ODApLCBxdWFsaXR5ID0gODAK/9sAQwAGBAUGBQQGBgUGBwcGCAoQCgoJCQoUDg8MEBcUGBgXFBYWGh0lHxobIxwWFiAsICMmJykqKRkfLTAtKDAlKCko/9sAQwEHBwcKCAoTCgoTKBoWGigoKCgoKCgoKCgoKCgoKCgoKCgoKCgoKCgoKCgoKCgoKCgoKCgoKCgoKCgoKCgoKCgo/8AAEQgAlgCWAwEiAAIRAQMRAf/EAB8AAAEFAQEBAQEBAAAAAAAAAAABAgMEBQYHCAkKC//EALUQAAIBAwMCBAMFBQQEAAABfQECAwAEEQUSITFBBhNRYQcicRQygZGhCCNCscEVUtHwJDNicoIJChYXGBkaJSYnKCkqNDU2Nzg5OkNERUZHSElKU1RVVldYWVpjZGVmZ2hpanN0dXZ3eHl6g4SFhoeIiYqSk5SVlpeYmZqio6Slpqeoqaqys7S1tre4ubrCw8TFxsfIycrS09TV1tfY2drh4uPk5ebn6Onq8fLz9PX29/j5+v/EAB8BAAMBAQEBAQEBAQEAAAAAAAABAgMEBQYHCAkKC//EALURAAIBAgQEAwQHBQQEAAECdwABAgMRBAUhMQYSQVEHYXETIjKBCBRCkaGxwQkjM1LwFWJy0QoWJDThJfEXGBkaJicoKSo1Njc4OTpDREVGR0hJSlNUVVZXWFlaY2RlZmdoaWpzdHV2d3h5eoKDhIWGh4iJipKTlJWWl5iZmqKjpKWmp6ipqrKztLW2t7i5usLDxMXGx8jJytLT1NXW19jZ2uLj5OXm5+jp6vLz9PX29/j5+v/aAAwDAQACEQMRAD8A82ScSRx7d+5d2TgYC9ea3rSeCXS/JimMkwJyRHtz/npVHS9Kiu44VuTKk0jhVCcDB712un6NYaJeTQ+Y1zM2AnAwpPagDh3ivV2IUcRkFmw2DjH/AOqpptPt49GEcQC3DgMc5JIz2boK6/X0kitSJYVRA3D4GBgdPzrjL69LQypAsbxhg4OPu5HTigDd1HSfsx0ry5bpoSGZm37lUdgPWs/RYp7vxFKsEKwwWwZ1DgquQOM1hR6vf3EEVrb3CxA4UKV4z9a0INL1JI5ZGlaO6B+8oK546elAEl691HPKZ4XBfdhgvU5/lWOZWWSD5GTrlnzg89q1E1rUI7tDfI8+xAgxweneupu47U6dHfxxtLbvGjhMZ2OAcjHsefxoAq6XZaVptq9xrl1Gsrx740Y7do7Hp7islbqG/Ep0mHUpwrHEowFH4ntXGeItUXVNRN0quNhAMLnI4AAx7cdKux+INa1GGOKeWRLCMbdsKBVFAG0t7JLKlrqUsqTs2EGwjP8AjV+xgkjeSViQgG0hhnNcvYXUJvQ5tpbwwYdfKUKQfUsCc/iDXcaFqVnqul/vUFoQ5L7l3E49KAMLULa5k1aGNJT5MoCbCf1FZP73S9VlWJpPLiwGC/xCtiER3lzNM6TSRxr8rINpFVWt5DKvl28YSULjeTk8fWgDp9J1S1ksrgyFo2WNRDu77faudk1Jo7+QibzIyd4JOOf8mt2OO7muo2S3RkRADlRxxjtVTXNDcfvFgCqdpbYpxnvk0AA1OLZbFnxIqfd3fLk89qinvY4ikjTdeZBGSGXPQ/WgeGGuLYvLB5LttxtPX2rVtfC2nQW5e4VmBH3mPQ/lQBjJqFvLdkTXr7Qg2vySfaiiTw9p1xaxtCmyUk7iCcEDjvRQB0cctoLm3vvKNvLFhypyVY9hS218Cbi4LMxAA6d+e1UY7aW8hMYuEinGSrl+vPQ0sGk3NlezSXU/ngESAA8EjrQBkazqU81p5Dyq8CsX2k4welZFrbyMAkayFJCCRyOM8Dmt4uLq+mCLGGAyoVB071fnmltry1SYMEyHIKd/Tp/KgCvp+i7FEohYKgG7jr+PrWo1vLM8bRZG04IzjkVfs7/z7aaWT5Rv+VWGePpTZ4Db6Be301ybMlyYWIB6clgPTtQBPo/hiFBc39zckpKMiI52p6kn+lZGs32kWH7iGW+jkBOHWIFD7bT1FYP/AAk11P4bu2vLhpFM6ras4C72APYdhkH64riyGmv9080pDMctnnHegDSunF7LJJp2nhihLO6ghU/HoB9azdT0+4YCSFmkjIyVyflPp7/WrniG+ilitLawDxQQJgp2L929z0GaVNcRb/TrvyyxhAE0bdHGMfyFAGRpFsslztuLlrSA8M4GT+Wea7DS207TmaBNVS+RuFRVZD+v41k+JFs5pnu9MGISNwQgDC+/ofasi1hj3QTs2AsgDDvjsaAPRbWdIUhS1to1IPJc5B69RVQ6gtkxk8hZmY5Ck5AHtzVidmivA9skDW80aurEYHI+tZt05aRxHHbpJnGQCSP1xQB6F4c1G0kgig+ziCZkyyoQc56f5NLdagyvJaQRxvtw74Gcgj2rg7C7ktrgvBDAXAwxw3YdetdF4d1CW5W4kEMSSLHuE28qGK9MigCL+3i93DG8O2PiMOnJNdwJLabTyJE3ssediDkg+3rXBafHLdXYkit4t5fPykkH3FdhFpV95R2ImQoBABAxQBMmirDpdnPvgi3hiRKTxk5/pRUQsLmTT0iux9pSNsKjn7mM96KAOej3RlZEjjUEEliMUxL1I4wjSxO74H3jkAnsKuXLyJE8cZibBI2MMMP8+lT6LpyXt5LdfYWEsEYwXXAzx0/KgDb0PSbe2tlnYJ5s3UKAMjPfNZ+uW6TTyxvCg+U7WxjA9K6DUYZE2SRAM3AO3jHvXMeMIWdi4UlwhAIPNAFLQoWfRmuTtLAsCPYdq4fx5rcsiQWDErGAS6Kf4d3A/nXZ6a4bw+YGypVv4T971H+fWvK/GKBNbOT8zIpYf3TjkUAM8yXUZQNu2JQVjReiLnoK3LLwVquqKZrNdxXtR8O9PXU9RYyAi2iOW9z6V9C6M0EVsiW6LGijoBQB866j4K1yxjDXcJAb8a5+60m6hY7gD/u819bXsMF3GI5grA+tcdqHge3lm8xZYwM5A8sZH40AfOBWdVCurKh9qCJf7uQTmvXvG2iJYRbnTzIyDufHevLNWAik/dsdh5BFAGzJqqqbONstGiqpXdjOBXV21raS2a3NuWmRzh0Y4ZSffoR9PyrzPTHX+0IGmyUVhn6V3Hg3VHjspYYZkO2QAwSJuUgnqPQ/SgDotN0NBeM7O4RW2kZyCPcelbcOn6eZ0h2bAgOCGAHP481Ho6pfXcrEKksIMbgtuUnAI+owRVxr6yaEpHAfOLYIVehzQBa0GW00u+V42V1wSFA69+K1b7xJFNAXgAMwUjbtyPbNYcbFyIwAqgMRhcHr06VQ+xWb3TIhYSbNz4b19aAOmspXlsUmziRzk7OR+VFcpbzx2cPlAlzuPzE9PbFFAFXxEBGyNFBtVHG0+YAXPeus8PwbpJpTvDSoCE84tjivO9Q15GubI3MbM0b/AHd/B9zXfeFroXUlxPkRqo3AZyAPrQBqX0ZuEWBg+wHB56msHxPaCO4Ql9uU2888npWne6jevfYt7YGDP3gwya5/xdLOlrIWkUOUXywGwep5oAZqEC2fh9jcSYRc/Mnb/wCvxXj9zpl/dTXBihaSKJyGmOAvTJ5PtzW3rOoara2kFvcXRkgYcAPn8xVzxDJLolv/AGYrzfYLp4bhirbThkwRuxnGUFAHQ+BY00/TYoTaXXHzPJFC0mSe/wAoNej6PfWUibILpGYdVzhh9QeRXzLBdSwOXjkKyITgdSanOvajNMr3FxLKUOVJPKewI5H4GgD6ikkG4Yf5T3BpyhguA2R16149oXirV00C4kuNMvbk2nEk64AXjPzA85HeuV1LxXqjyRebced5ieYY9xEa5J428AkY75oA9p1YpKzxTtGUIwVLDp9K8Q8c6fDp9+Utf+PZ/mQZzt9QPapD4wu4kMUcdoCR8xNpD1/75q1p2pabf2WpLrVlbllt2khlgXyyHHTIyAckj/A0AclpdrPe3awWsbySN2UZ47n6Vr+H9ttcI0oLIzkFk9umDXoHgLw0mlabNrgDut1Eott2MgEAuSPrkfhXAaPciP7QhRTGWLICejdqAPT9BigklE1ujl3Zupxg8Z/z7Ve0xlN99nu4Nw5YSIOhz0z61D4X1C3s9H+0XHls6IAAeu4noB/Wub13xHL/AGlC6xmIx8bQ2ADn26/jQB2tyIwVjjGyYlmAZs5HrWJJqESzlGfefulwMY9/fFcze6/qc12jhRnbtxnjHc02KfUpPNZI0MwBO9hj2oA0bm4KyJI9wyxlcALwKKqX9tqFzbws6KW9AP8A69FAGLqNqreSyl1yQWIO7iu98Dkva3UdsEfdgMZm+6PauL1zUXxaIqR+ayhmZe9dT4Vhmt4riSIph8EDbyaAO307TZoYdkbEKo4d23g/nWDrGkgmSa7S2fA4Ktjv6Vvwa3m2Jkg8oqo+Yr3rh/Guq3a2dyqplXKhXHQHvQBg61BDOIgtttG/ABHbPXPeuk8aaRHeeErOXzCrrIqqpPGDjA/HA/OuEN8ZGKqZEH3Qc9DjqK9Ct3uNX+H13PqUjzz2yBlY4Bby1GDx9P0oA8VuEdXCygqx/vDG1h1Bq/4b0ptU1WO3cOELfPgc9Og9/rXdW0WmX1qn9puGA55VTj6Ejiqd3rtpBfW+n6JA0UW5RLKDmTZnkKe3GaAPYPBvh02PhCawuis0lwHMxznJbORnvgHH4V4J490STRdY2NNJMHUMZWGCHI+ZfwYN+BFeuab8UdJsLOe2WBxGCwjLNyPrnpXBeLtZ0nU9YgVy09hPEpMpBzHJznHqOlAHnSjc4yOQPmwP1rqtH0przRLgr8rXDrFHjAz8w/TJH5Gte18L6cJ45hcJPAvKkOVPtnvWlp0LXWu2Vla7VUzKwAHACnd/SgD1K+tk0vRhYGJRCkCQpj+6qn+tfPSWaxgRM7h8DkDg17P8Qte+zaTdpJFKlyDsRyvysDgDB9eteHTSNPegDPpgGgDqrO0NtFGWuZHdhkLjitd9BFxaxzQyxyOeSHO3j6Vg2/kSxogml85VGDGDgetdBZXVuySJdHcIuODzQBiT2MsFxGAS8uCNq4Paut07R55IElCggqCQecf/AF62INK0u2mhkE6NMyjazHIAxV+a9NrZyNbxB4yMK2COfpQBjta20bLHvRJVUbtzdqKxL5Y5pPNdVEzfe560UAcZq8cVvqMcRyoJA3Zz3r0W1ubGz0tRNMS6jcCD146VxMVpHq3ii2tzNtBGQSuDkdq1fEry2kMkM8Ua7jhZCpyRjtQBsHxfp7oRPERuOwkHIx61yXjXU4ZldbRywJyepHFYG7DHDZXrUNxI80JQrjYOCTQBHpd5Ek8RmGVDZIPSvdvh/cWeoeHZIVdA5DIy4HQn0/GvBLQqmSUVvau3+HmoPHq5L/Kh2njj2oAyfFVvJZXtzbRM2IXZPwHT9MVmeEJ511kC1torm6YEKksgQf8A669A+J2liLU01GLBtrhQkmOzdj/T8q89j0QzQPIx8sCULvPQA96AOr1bw3rM14JbrwneKzbmP2aYFWweex/+vWT4sSeLS4o7jQpdOCHAd5ASfqMVoWsHjCyhjg0vWp/s+0qALsLtHfhjkViX2jancX2NVupLibGTvkMjD3J545oAoaVfXIwiMdtevfCDRRd3curTkkwhoo+eMkfN/n2rzLQdLlubiKygUi4mk2g4+6O5P0r3WaOPwt4bigsMIQuCfU460AYPxWRf7EtmO2SRLrIjJxv+/wAfyrxq4uI1nkEMajeBgYIP51t+JNUutW1oRyyvL5RyAO7d6xLy3FvcmOUfPjOQOp9KAL2lzPA+8Qjt82d2K1LaQNNI+VVZTgk/3sVX02ezeAW0byQFhy2N3Pete0js0uDC5E7jD724B+lAE2nXMjQQQrIWRW2kKBnP4816FEkL6IEQMCV4571ymnQ2tvcCW3QEN6jOD6Gug1S1luLNR8m3GAYj+dAHL6xPD5yrCr7lGGJ5FFPvTLaOTIiKpOFIGaKAMODV7ddej1EiNIUHJaPn8PeuhuNWvdXUSf2J9ptQdykRM2TR8JfBMM90+pauomRGxbxP93jqxH8q9xFtGI8IqgAYwKAPl7WYmYXDyacLRVYclCvX0Brl7h1G7ZI2e3oa+q9X0uOfO+NWHcEZBryAaJprfFQaTe2aSWFzGSUGQUPllsrjvlelAHlUcgjxuBwepFdZ8PF+0a8EZZBE8TfNg4GMc19ISeFfCQtdO0i8h0yOJmLRxuq+Y/GF6Y/M56Vn6pEltaLpLaVbQSWCApMsqBkQsdqhdueij0yMHnmgDldV0OfUPDc0TMDwQpxkE9vpXLeFLOHUdMutIvCI7+3OGz3U98dxXuEMMb6ZiNcBh0/CvmXx+934f8eXM1pI8UhwykHqD2+lAGxd+AtVhlK2eoRtCTwolZf0rb0bw8ui6bNc6hNDhQWYA9TjuTXBf8J7qu4N+7BHoMVW1LxHqviBobeZz5TyqhRejEnjP+e1AHq/w+0o5m1eSFt0xzGAh4TPH59af40uZSsvnBlWNSxU/wAq9R8KWy2mi20GF3JGASB04rn5tPsD4mK6x5UtisTzSiTGzHT5vYZJ/CgDwLRrczPK1wCrPyrKec96r6hbxPcStdPKig4XnNeja94G0PW9ejvvC+oQ2OjXFu7RuZCwaVGAIAPI+8OPY1wOs2cmnPcKNRS7WGURSMLdgN3PGWHsfyoAz9Ps4UmO92Cnpg9Px9a6mx0yNFEtuXbdjA25P86s+HfCd5qVvHdyW9pHFJ8y785IPsK7e08H3yQKYpbUEc7Nh2mgDmdBu2tr9Y5xujf5TkYx781p3N7cfbD/AGflrcLgAkEZ9aq6vpk9jdIt3YruODuRmwfXFLcXA0yNd9qqI/BIZmyaAM2+a4nm3XEYbPKrjgUVdGpJcyZTMfHUsR+HSigDrfhxNjR7QEkfIM89+9ej27BkGa8b+G2oiWxhP3R6dO/SvWrGbKA8e9AE9zEGVgOa8Q8bK+n/ABV0ueOJna5gMKKDgs7BkAB7feFe8hd4Fea/Gbw3dalo8F/piFr6wk85NvDbe+PfgH8KAJPDN/drZTRG3j0G6SGBGkuYWaZ5Fc/IMkkoTnHGRkjHQ11nijSrS3e51CQm7v7ydIy5BJjRUzgjoMH0A+8BjvXn+gat/wAJBfHWNLiklu5YYYNSFtGA8rSleVB/ubCD+fQYr0PU7m31CG1ktLt7uJ55iJG9mCkDgcAjH4ZoAsaajfYsHpnNeGftBaT5eradeRxkiRWjcgdxgj+Zr3+0j2W6g/WvLP2grI3GgWUiOI2W6RC5OAobI59uRQB4RHZGEA3kWxWOA2Ovv+orsPB/hW7m8VaZGbb/AEMTrI75HGwE4IqzoelapMmp2UkulzDS4gWMy43jkgK46Nx3Geetd58Ktan8RarO9xY21uLGNY1MIdclvvAgnqNvpQB6nEnkQkKMALxWNY2tlOuvzasgktUswsmUL4Qhtxx34roXX5W46isjStSj0q91BpiQrxbsgdkyT+hNAHzbZ2t54gvVFkw86z2iEnhZGZhhmySFP3fxPfBqXxtpL6bfWGjC9tdRmLl5JoVOfNdsFGfoxAxXrmk+ERq15Lqlnq96lxc2Ru40jVlELNjegyNu04GOhIJPPBrzi00e0/4WRodlYoxWGCG7uRvLjzCnmnGegG5V/DnmgD2HS9OWGGGEABY1CgD2FdBBEqqOOlR2kBADEYNTyttBPYUAY3iKGJ7V+gYA4PpXneq/6PaM7bnIJxvHOa6vxTqBjBQd+Kxo0e8j+UB3QjqRgD6UAefRyXE4CSOwYZPIPSiuti0UCRyoCuDhsr0J5xRQBxXw8v2truS2kb7rZH0Ne6aJc+bEvPQc140NDi0qxW//AHgcyrGCRgNnnNeleGbsGBN1AHoNu4K44zS3USyQsD3FZljOC4Hatfqn1oA4bTrWz8OWWqX4sY8aZMbqLygS7vMQpOAQDj075wMY56O/uILrVbdYGDLFCFkIGB5hJLcdjnrWL4l1BdJuklliMkE5ELqH28k/KffBxx39+lWtKaSa/lnmbdJI2WOMCgDpVACACuD+NEMcvgu8MkDTqNvyL1zkAEfTOfwrvTwVBrmfH1ompaDdWRkaNpl2q65yp7Hjng46UAfKXh+W8XU4o7Ca4V3kR9kROWKsGHHQkdeeOK+mfhXazLbX11eG5M9xOXb7QhQ5wMkKSdoJyce9edaX8O7o6xFb+Hprsa6FjnmnnZo47SJl5XcB8zscjpjB6Z6e1+HBciyQ3+03h4lKHKlhwecDPT0oA2Ou76V5l8Tb46ZpkkkqzmzlkWK6MWciJjz+GcA+xr0wck+lcf4s0q11eSOzvbQ3cEki5h8zZu+Yd6ADwl4o0q98H21j4ed7PybQRBZIzuiYfe3c98jvn5qm8L+F7PTry+1EKXvL2Qu8j8lVz8qDPYDA/Cln07TZPEiJpkCRrZQrbOUPDFQMA+pUcV0w+SMDAAoAY+1F44rL1GcRxMc81PdTDdgEVzuv3W2JjnigDk9fmae9Cr82W6U6GEI8K+X5Rx5u9T8uM/zrjPEetPbXq+Ux38nO3PFP1XxFNc6PYDSY1jaQkTtjgAAevvQB1DagWuZGVkZSckr6/wD6qK5/wxMlxayi+S2Zi+7AJBJ6Z47UUAQyxmZWtby9upY4ssowvqR/Sui8KXha2hxnafWiigD0XRX3kNXRg4Tpx0oooA5bU401DV44pFGyD96c9z2rV0+3CS54oooA0H+9WNq8pSaE91lX/wBCFFFAEPwl1W41u31zV7mZ5UN5JDAjoFMcUfQHHBOWPPXpWrpDZgU9yM0UUAaKfeNYeqw77tTnBzwfSiigCp4PtFsopoA7yMsjEySMWZsnOSe55610Vwx2UUUAc3czsJTjpmuX8UzHyHJoooA8S1XXPMvRbSW6kxyN8+eSCMVJb3UcEcAkWR03naobAGetFFAHfadZWUcKmONwGGe3eiiigD//2Q=="
      />
      <span>
        Carlee Kreiger
      </span>
      <div
        className="actions"
      >
        <Button-
          data-name="add-to-favorite"
          onClick={[Function]}
          primary={true}
        >
          Add to favorite
        </Button->
      </div>
    </div>
    <div
      className="friend"
      data-name="friend"
      key="enrico"
    >
      <img
        alt="Enrico Pouros"
        src="data:image/jpeg;base64,/9j/4AAQSkZJRgABAQEAYABgAAD//gA7Q1JFQVRPUjogZ2QtanBlZyB2MS4wICh1c2luZyBJSkcgSlBFRyB2ODApLCBxdWFsaXR5ID0gODAK/9sAQwAGBAUGBQQGBgUGBwcGCAoQCgoJCQoUDg8MEBcUGBgXFBYWGh0lHxobIxwWFiAsICMmJykqKRkfLTAtKDAlKCko/9sAQwEHBwcKCAoTCgoTKBoWGigoKCgoKCgoKCgoKCgoKCgoKCgoKCgoKCgoKCgoKCgoKCgoKCgoKCgoKCgoKCgoKCgo/8AAEQgAlgCWAwEiAAIRAQMRAf/EAB8AAAEFAQEBAQEBAAAAAAAAAAABAgMEBQYHCAkKC//EALUQAAIBAwMCBAMFBQQEAAABfQECAwAEEQUSITFBBhNRYQcicRQygZGhCCNCscEVUtHwJDNicoIJChYXGBkaJSYnKCkqNDU2Nzg5OkNERUZHSElKU1RVVldYWVpjZGVmZ2hpanN0dXZ3eHl6g4SFhoeIiYqSk5SVlpeYmZqio6Slpqeoqaqys7S1tre4ubrCw8TFxsfIycrS09TV1tfY2drh4uPk5ebn6Onq8fLz9PX29/j5+v/EAB8BAAMBAQEBAQEBAQEAAAAAAAABAgMEBQYHCAkKC//EALURAAIBAgQEAwQHBQQEAAECdwABAgMRBAUhMQYSQVEHYXETIjKBCBRCkaGxwQkjM1LwFWJy0QoWJDThJfEXGBkaJicoKSo1Njc4OTpDREVGR0hJSlNUVVZXWFlaY2RlZmdoaWpzdHV2d3h5eoKDhIWGh4iJipKTlJWWl5iZmqKjpKWmp6ipqrKztLW2t7i5usLDxMXGx8jJytLT1NXW19jZ2uLj5OXm5+jp6vLz9PX29/j5+v/aAAwDAQACEQMRAD8AbCgJqR1FOgTg1L5YPWvlZPU/RIrQW2QVpRR8cCpNG0e5vsmFMRr96RuFX8atXF5pGmOYnlkvph1EIwmfqaSozqv3SZ4mnR0k9TofANiLjUZLh8BYE492PA/rXfSqfLMn8IrxaXxhcQxGOwSG0jJ5CfMx+prPbxhqqxyxx3s/ly/fAOM16eGgqMOV7ng4xyxNV1Foj2G41a0tWEjXMSlTwSwrEuvEel+YS9/EWPXBzXkP2p3z8q/jzR5z9QyDPpW6q26Gaw/me0yXWlDTjcHVrbzdu8RbxnH+Ncy/iHS2lYi8UZAHIPvXnJnIPMigGoZLrb0mU/QiqVZ9hewS3Z6W2sae/C3sX4nFY+pahqEV9DPpJtpokAfJbneDnjn6VxL3it1YE/hUbXO7qVIHQVoq3dEun5nXalr1xfXsk+o2EltJIcnYCyDt161Tn3TxO8AaRVXcSgyAOmT+YrnBfMn3JJV+jGprTW7q2l3wzrvII+YdQeCDWsaie5m4taIm8zdIFYhfmAJPasfxlELbVDCHEnl5TevRsHrVuS8RyWkiK/7Scis7WFF1GjwEOV4IHWqdmtCLtMxSaX+GmkEdad/DWRaISSDRS96KsxserQJ8tXdHsxd6rbW8rbY5HAJ9u9QR/KmamtpSsyPGSrqQQR2NfL31ufZNPlsiTxjr8sk7afZAQ2UJKLGhwOPX1NcdI7ucuxrovEVg0sr3luhKuS0ijqh7n6Vzj8H5hXq0pRlG8TxJ03F2YsTgLySaZPdpGNoUbuwHU1TvLrykAj5djhfc11Hh3wtIbUXd6p8xhkZ9KdSapx5pDpwdSXLE57/SGQuwZF64UZNU55Cf4nP1Nd5eaYvkMqDHHpXJXenMspA5rOlXU2dNXDezWmpjHr0qNgPStKSyZf4SarNCfSutM4pRsUXUVESw6MavPbt6Gq8kDAVomYSiV/Ode5pRcE/xU2RCOtQstaqzOaSaLiXToeGNSi538nhvUcVmhyODUgb0qrGfMy5MomUnpKOc/wB4VXYfLT4WJdT6HmllHFTLRmkNSoRiinP1opktHr5TapBpbOM+bzSSE5zU1q3Oa+Wex9iaC/IQQcGszV9Lju4c2dnNJeM4ULb45yOpHpx1GK0d3FX/AA3fLY63bzSZ8vJVse4x/PFPDycJrXQzxUOak7LVbHG6B4A1mfXILnU7aKC0jYHa0qk4+gJr0TxJPaWkAhjuLWN+gEkgBP4Uz4n6zNp2kia1JS4uZRGu3sMEnHpXkX/CQvbWzxyqzB23EHv82a9l0lWfvM8GFSUFzI6+8hv1k4QsJOFARueM8cc9KwLhp45GV7RiyttYAgEH0wcHpio4PGtqblZZ9PSDy0YKIDgsxK8kjGDgH86zR4kvLmS5itNRvIoriVpDCjvk8AZJHJ4UflW8cLTjsZzx1WT1NeOeBjslieJ/7rqQaSa1tm5AwMUzwlqW64NjdN5sDqdvmfMVPsa3b6XSbFWhulYyBc4VScfkKh0+WVkdFOrzw5mcxOttGp6ZrMkVJAfLUt9Aa3I7nT7eOWeRFKt9wyc4HrWUdd8q6uDbCznjYjYbpVYrx/CCQP0renST1bOWtX5XZGXNbOc4jb8qpS2kwJ/dNj6V0X/CSaoc7LmBB2VLWED/ANArnb24cs8vmfvHbLFeOTz0Fa8qWxze1b3K8sEirlkYY9qiRucE1esr2RpFjlO4McA9wa2prCwl0eacSZu0TJX0OcU0Rbm1RhwLyDT5qWIYOPQU2Y81i3dnRFWRVfrRQ3WirRD3PYHGRT4TtUVFM+1cCoFn7GvmlFtH1fNZmkX4rR0a4t7e2le4g83e+zcDzGMZyKxg+6PIq5orrLJLbt/Fhl+o6/pVU42YTakrPY0Pigj3mjWLqCClzg/ihH9K8h1K3WW8SMEqOATXtuqH7fZ6lCBuEDq4+uOf0zXj2t27wXLEgjnivVpSuzyJQUYNeZi6tD5LCFNrIgwrAYJ78/nWYu4HKEg+oq/cFpD81RpbHeBzg9DXbHRannVYqUtDufghp1tceJLm81AgW1lbmUg/xHI4/IGuiv3e5uLi4cDdM7OeOOTnFUPDGmtpOklCCs1x8zjuB6H/AD3rSnjbySemKwk+eR30KXs469Tz/wASwbYJ1UfKpDAegJrlUZo3WRDhlOQfQ13OpoJHlR/uupU/0rjGhaKVkcYYHFdMHdHn14e+yEzSk5MjfnTSzMOTnvVjyztPHWo/L9BTuYcjHWSk3kC+rr/OtiRXnlmjiUnGP8ap6RAWuxIfuxKXJ/l+uK1LdZpohsGxWG4kdTUTdkb0ad3qZiqVZs8EcVFJ941YJyzn1NV37ms0WVj1NFHeitTM9QmmB71VWQ76pmc5PNNjny9ePGnZHvSq3ZvxviLrTYJ2iuEkQ4ZTkGqaTfKKcHyahQLcz0zQtj396G+7Osco9RkEf0rB8UaDYTM7PEyf7UZx+h/piptK1KN9UtjFJmN7XaV7hgR/9ete+RZI2LYI9a6ItrY5HFc93seUXOjWELH/AEiQf9sxn+dSWFrbxTLJawySupyHcdPp2rrpLS2Mx/dqTUphRIm2KBkdMV1qTa1M3CKehNaWr3JjYRn7gz6ZovbdUtZsuodeMVh3upa/JdNLZmCOCMjKOCM/lWf4n1mWE/PgtKoO1Dnn0rOnozSo9DI1SNpHcR9eRWXNaLOi/agUfGBIB1+tLFqFzE+ZoPkY/wB7mut0eCK5sQk6A8Zwa6E2jlcVPU41dKOMLNEw+pFKujDrLcRRr9ST+ldNqGhQr80LFPYGsC6t3jJBcke9PnIlTsQ3JtrSyeG03Nu5eRhgt/gKJ5fsdjFCh+d0GT6CqtzhmjjP8TAGoLyYyzu2cgcD6UnruZ35b2IiflqJj8tKTxTHPy0yEyKig0VZJ1bv1ohb5s1X37qngFcLVkemndmlCxOKsqeKpQmrUfSsmjZM0dDmEOoKxx9012A1FZrbYu4vjJ/KuIsZPJnDHp0PGeK1tFdZLmaSR2KhQoXpkU0iWSXuoQWcrGWTpzjuay7jxbCiFoo8+gPesjxC5kvZDIA77s8dM1lWZTzcy28zqDxtQ811Qjoc06kuayLR1S8vJBs8xdzcgHrWjcI8ts7eWSw+VcimJPextvt9OeFAOMpkmp38VmOPy/syiXuSuMGtF6E8r6s5SG+mgkZZDkA9DXVadq9uVQ7gC1YFzNaX24SgRSn+IdDWeYWVvLTBx3ptKRkpSp7ao9AuLtZEypGCOK5XVZ/mY54qpp95LEfLlyVwcVSvp/Mn2AnAPNSo2Y51eaI/T4zeaoinOOT9BW6uhQM+ASc1Q8LwM95M4HCrtz6Gu0toBEA7daqTSMox5jAuvC8YhxGfnNU08LcfvJcmurmnMrYXpVmKECIsetTzWWpXKm9DiZvDCg/K9FdLOdzmitEQ0jkgnNWIuBiog1SRnNcjO+Jdi6VdjHy1UgGRV1OFrGW5shQCVOOvatnQMTzbxgEDHGOw/T/69ZEZ5pLSU2d4YzjZMPlb+7600JuxsHTI5LzfMvPocc1qSx29tEP3akjtjpXOy6rKLgEEGNcgY6YrRS4W5VCW+961slKyJTjdlK81j7OxbYNvscVntrVnLIS0TB2HORmk1+xebi2xLIR0HGBWBa6ddiT97EVYnjLDit47GMq0lKyNm8S3u48GMOD2K4qumkWwidlj+bGAM4xWlBZPBCDP17c1Be3a20ZLY9hUcz2KlZq8jnJ4xGxDcMM4zWT0die/StLVLgTOSOh6e1ZkQM0gUdM8+1bRWmpwzavZHaeDrbZYtM/WVtw+lbN1ISdq9KxdCvYvLS23BGTjB71sXSPHOodGUHpkYzWLTbuaLSNiWGMAA1oJ/wAe7fSqET5FXVOLc1DZokZLr85opzffNFdBgcbCc1ajFUoqtxnFc0jsizQgbHFWt4AxmqVqkk0qpEpd2OAAOpru7LwBeuiPeTJEpAO1eTUxpSm/dRU60aa95nKRtk1pW2lS6nA6rG5VQTvA+6cV3+meCrC3fLp5u3qWOf0rM8Ua9Ha6hFpGkhI0jZftDoP/AB3/ABrSWGlBc0nYyhiVUlyQVzzWALEZUnwkinaVJyeOtStqLQJuhByTgDHStfxVosl1dNcWZCz4OQTgN/8AXrhbiW4s5GinjZJFPINFKSmh1k6TsdjY3wUoxABdiMnk/iar/bIY4yW5O/lsd8muTttSKBgSTnmnS3wJG31zg9a6bHN7Q3p9WcptY4XHOO1Yd7c70YE8Egiqz3Bblm3AjFV5D5jBF7UlEmVRsazNMwUZJrTs7URx8ik0+1IHI/GtBkCLik30Kpwt7zNjwHof9rawJJFDQW53MD/E3YV6re6dBeKqSxBlU5z71gfDWwa08PxzlcTXbGQfToP0Ga7SUBIxGOvSvWw9FRp69Tza9ZuenQ4HU9Ee3kZ7XmP+53FUZd0cOHBU+hFekpaRZ2qCXPU56Vna+dN023Ml2gkzwFbBZj6AVz18DB+8nY2pYx/Da55sT8xopLvULZ7l2W1lgQngKwf9OMUVxWXc7LS7HH26PKwSNSzHsBXTad4ffYJLw7fRB1rc0/TrewQLBGNw6seprSsLZ769igTqx59h3rz3Uc3aJ6kaUaa5ps3PAmgQR4vXiUKvEeR+tdcZDNcbV+6KQolpZJDEMKBtAqWzjEcJdu/JNe7RoqjTt1PnMRXdeo5dOhg+OtfTw7obPFg3cp2Qqe7Hv+FeSaeHGJJWLzSPvdj1JNWfGOpSa/4nklJ/0SAmOEdsDqfxqXS7dp7gYHyJzXnYqrzX7HrYKhyLXdnQ3Mg82NiOCBWH4ot1e3JZQ4IPUZrY1UeVgjtxWRqc6zWZBPIFefDdNHpzs00ebz26+YcKAKg8gZ71qzQlpjgd6BaZ6ivRUjx3TTZkiDLYGa07KyGORVmK0GRwa0IYljX0pOdy4UkhixKiccVW2Nc3kNvH96Vgg/E1PcyBR/jXbfDLwwZ511m+UiJc+QhH3j/eP9K1oU3UkkRiKqpxud/pNotrZxkrtVECRr6ACnl+S56nhamupAx2jhR1NZ2oX0Wn2j3dycKoyo9B/ia9x2SPCV5Mn1DULbR7GS6vJVQKMsT29h715Lquv/2vqEl5OdiAbYYyfur/AInvTPEWo3Ov3W+fcIEOY4s8D3PqazDYseAMV5OKxKqe6tj1sLhnT95rUfLfQFuuaKhOmuP4qK4ro7feO7k+Umuq8C2S7JrtsFydg9vWiipwKTqorMZNUXY6G5O+4x2Wq/i24ay8OXbxcMI9oI7E8Z/WiivZraL5Hg0VeUfVHjBt+VIxiup0yBYdNkYfeK5z9KKK+dqs+rpINay0JYcZGa4q8mYAr2NFFVQ2Iru1igkeTVxLYBc5oords54pD0QZx6Us67V60UUIHsXfB3h9fEGsrFPJtt4/nde7D0r2mdUtLZYYFCIq4UDoBRRXs4JJQueHjW3USKipufaxyB8ze9cN41u2u9UNjyI4MM3+0xGfyAP6miiljpNUnYvARTrK5jpaqopTAooorwbn0NkMaIZoooqkRY//2Q=="
      />
      <span>
        Enrico Pouros
      </span>
      <div
        className="actions"
      >
        <Button-
          data-name="add-to-favorite"
          onClick={[Function]}
          primary={true}
        >
          Add to favorite
        </Button->
      </div>
    </div>
  </ul>
</FriendsList>
`;

exports[`FriendsList renders loading text on loading friends 1`] = `
<FriendsList>
  <span>
    Loading...
  </span>
</FriendsList>
`;

exports[`FriendsList renders message if no friends are found 1`] = `
<FriendsList>
  <span>
    No friends found :(
  </span>
</FriendsList>
`;
