// Jest Snapshot v1, https://goo.gl/fbAQLP

exports[`friends getFriends fetches friends 1`] = `
Object {
  "_embedded": Array [
    Object {
      "firstName": "Alyson",
      "id": "alyson",
      "image": "wNMM9flXbj/x7NR6y5ku5Jm5eRy5PuTmiirk37OPzM6atVl6L9StE0gf7/atXTr6WK42g9BRRWDOpGy1w0sal+frRRRWYmkf/9k=",
      "lastName": "Donnelly",
    },
    Object {
      "firstName": "Carlee",
      "id": "carlee",
      "image": "c3czsJTjpmuX8UzHyHJoooA8S1XXPMvRbSW6kxyN8+eSCMVJb3UcEcAkWR03naobAGetFFAHfadZWUcKmONwGGe3eiiigD//2Q==",
      "lastName": "Kreiger",
    },
    Object {
      "firstName": "Enrico",
      "id": "enrico",
      "image": "QueHjW3USKipufaxyB8ze9cN41u2u9UNjyI4MM3+0xGfyAP6miiljpNUnYvARTrK5jpaqopTAooorwbn0NkMaIZoooqkRY//2Q==",
      "lastName": "Pouros",
    },
    Object {
      "firstName": "Patricia",
      "id": "patricia",
      "image": "XkUaZSIMVBOcc0UV1YZ6tHBjErXPrT4datFc2DadBbLbx2KKkYTps7D68V1znIINFFclZWk0jSk7xTZnz8NxRRRXnS3O6Ox//9k=",
      "lastName": "Barrows",
    },
    Object {
      "firstName": "Steven",
      "id": "bergstrom",
      "image": "+IVAcRQr92JPQe/HJ70UUAUEkXKhQdp5+p96Gb5SQMFTng9aKKAIInL3B2jsTyaspM6qN2OOp9RxRRQBOHYncmAenIooooA//9k=",
      "lastName": "Bergstrom",
    },
  ],
  "_links": Object {
    "next": Object {
      "href": "/api/friends?from=5",
    },
  },
}
`;

exports[`friends getFriends fetches the next page of friends 1`] = `
Object {
  "_embedded": Array [
    Object {
      "firstName": "Carol",
      "id": "carol",
      "image": "TLBRKTkHkY9PeiisurOxbI9t+HQNvr17aYUhVaQMB2ZkYA/TJrrtdhB1KbnrjP5CiivMqblSdpmFe2bbV2OBz3oooqEaJn//2Q==",
      "lastName": "Fahey",
    },
    Object {
      "firstName": "Kevin",
      "id": "kevin",
      "image": "biiilIEfbXhGcyeFdIeUl3a0iLE9zsGai8R2kNzYzFVMcoU4dTgiiivOkkehHY8LvLlNWd7HVI/OltnJD9c9qKKKzsiVqtT/2Q==",
      "lastName": "Flatley",
    },
    Object {
      "firstName": "Michelle",
      "id": "michelle",
      "image": "NT/6H+lfVn7PsS2HhR7VQCBO5BHpuOM0UUou8gklynqm7jHvTYWzF+JH60UVsc4+gnFFFAETHiqdyOKKKQzFuQBIfeiiikM//9k=",
      "lastName": "Gibson",
    },
    Object {
      "firstName": "Larry",
      "id": "larry",
      "image": "a1OnP6s4KMIuye5kpzj0NQXLFyFPQUUV7Utj5aHxD5VwY19qRQMkUUUuodBVba4I78GrBj+Y4PWiiqRMgi5Y56elFFFNbEPc/9k=",
      "lastName": "Goodwin",
    },
    Object {
      "firstName": "Sarah",
      "id": "sarah",
      "image": "te6HKXadbm2bl0YYJ9x71fe4R7iFzvAkwAR1wexoopT96Km92KEFCcqcdlYxtbRoJ3idstGwG4DqCMiiiiuum/dR5VWK52f/2Q==",
      "lastName": "Graham",
    },
  ],
  "_links": Object {
    "next": Object {
      "href": "/api/friends?from=10",
    },
  },
}
`;
